// Jest Snapshot v1, https://goo.gl/fbAQLP

exports[`测试首页渲染 测试快照: home 1`] = `
<div>
  <main
    class="main"
  >
    <div
      class="description"
    >
      <p>
        Get started by editing 
        <code
          class="code"
        >
          src/app/page.tsx
        </code>
      </p>
      <div
        class="MuiOutlinedInput-root MuiInputBase-root MuiInputBase-colorPrimary MuiSelect-root css-9ddj71-MuiInputBase-root-MuiOutlinedInput-root"
      >
        <div
          aria-expanded="false"
          aria-haspopup="listbox"
          class="MuiSelect-select MuiSelect-outlined MuiOutlinedInput-input MuiInputBase-input css-11u53oe-MuiSelect-select-MuiInputBase-input-MuiOutlinedInput-input"
          role="button"
          tabindex="0"
        >
          en
        </div>
        <input
          aria-hidden="true"
          class="MuiSelect-nativeInput css-yf8vq0-MuiSelect-nativeInput"
          tabindex="-1"
          value="en"
        />
        <svg
          aria-hidden="true"
          class="MuiSvgIcon-root MuiSvgIcon-fontSizeMedium MuiSelect-icon MuiSelect-iconOutlined css-hfutr2-MuiSvgIcon-root-MuiSelect-icon"
          data-testid="ArrowDropDownIcon"
          focusable="false"
          viewBox="0 0 24 24"
        >
          <path
            d="M7 10l5 5 5-5z"
          />
        </svg>
        <fieldset
          aria-hidden="true"
          class="MuiOutlinedInput-notchedOutline css-1o2jng6-MuiOutlinedInput-notchedOutline"
        >
          <legend
            class="css-1br1jja"
          >
            <span
              class="notranslate"
            >
              ​
            </span>
          </legend>
        </fieldset>
      </div>
      <div>
        <a
          href="https://vercel.com?utm_source=create-next-app&utm_medium=appdir-template&utm_campaign=create-next-app"
          rel="noopener noreferrer"
          target="_blank"
        >
          By
           
          <img
            alt="Vercel Logo"
            class="vercelLogo"
            data-nimg="1"
            decoding="async"
            fetchpriority="high"
            height="24"
            src="/vercel.svg"
            style="color: transparent;"
            width="100"
          />
        </a>
      </div>
    </div>
    <div
      class="center"
    >
      <img
        alt="Next.js Logo"
        class="logo"
        data-nimg="1"
        decoding="async"
        fetchpriority="high"
        height="37"
        src="/next.svg"
        style="color: transparent;"
        width="180"
      />
      <button
        class="MuiButton-root MuiButton-text MuiButton-textPrimary MuiButton-sizeMedium MuiButton-textSizeMedium MuiButtonBase-root css-1e6y48t-MuiButtonBase-root-MuiButton-root"
        tabindex="0"
        type="button"
      >
        <span
          class="to"
        >
          see
        </span>
        <a
          class="link"
          href="/count"
        >
          redux
        </a>
        <span
          class="see"
        >
          example
        </span>
        <span
          class="MuiTouchRipple-root css-8je8zh-MuiTouchRipple-root"
        />
      </button>
    </div>
    <div
      class="grid"
    >
      <a
        class="card"
        href="https://nextjs.org/docs?utm_source=create-next-app&utm_medium=appdir-template&utm_campaign=create-next-app"
        rel="noopener noreferrer"
        target="_blank"
      >
        <h2>
          Docs
           
          <span>
            -&gt;
          </span>
        </h2>
        <p>
          Find in-depth information about Next.js features and API.
        </p>
      </a>
      <a
        class="card"
        href="https://nextjs.org/learn?utm_source=create-next-app&utm_medium=appdir-template&utm_campaign=create-next-app"
        rel="noopener noreferrer"
        target="_blank"
      >
        <h2>
          Learn
           
          <span>
            -&gt;
          </span>
        </h2>
        <p>
          Learn about Next.js in an interactive course with quizzes!
        </p>
      </a>
      <a
        class="card"
        href="https://vercel.com/templates?framework=next.js&utm_source=create-next-app&utm_medium=appdir-template&utm_campaign=create-next-app"
        rel="noopener noreferrer"
        target="_blank"
      >
        <h2>
          Templates
           
          <span>
            -&gt;
          </span>
        </h2>
        <p>
          Explore starter templates for Next.js
        </p>
      </a>
      <a
        class="card"
        href="https://vercel.com/new?utm_source=create-next-app&utm_medium=appdir-template&utm_campaign=create-next-app"
        rel="noopener noreferrer"
        target="_blank"
      >
        <h2>
          Deploy
           
          <span>
            -&gt;
          </span>
        </h2>
        <p>
          Instantly deploy your Next.js site to a shareable URL with Vercel.
        </p>
      </a>
    </div>
  </main>
</div>
`;
